/Library/Frameworks/Python.framework/Versions/3.13/lib/python3.13/site-packages/torch/nn/modules/transformer.py:392: UserWarning: enable_nested_tensor is True, but self.use_nested_tensor is False because encoder_layer.norm_first was True
  warnings.warn(
Device        : mps
Data root     : /Users/ramupadhyay/Desktop/good_data
Old IL weights: /Users/ramupadhyay/Desktop/ga_cargo_packing/checkpoints/il/transformer_imitation_ga.pt
Save dir      : /Users/ramupadhyay/Desktop/ga_cargo_packing/checkpoints/rl_ppo_contrastive
Training pool : 200 instances x [100, 500, 1000, 3000, 5000] K values
Contrastive   : coef=8.0  margin=0.3
Grafted k_proj + output_head K-column (zero-init) onto old IL checkpoint: epoch=233, val_loss=0.7602019447546738
Assigned K values to 1000 instances (validation only).
Packer      : rl_packer (/Users/ramupadhyay/Desktop/cargoism/uld_heightmap_rl/checkpoints/rl_packer/placement_policy.pt)
Train pool (multi-K): 200 underlying instances x 5 K values = 1000 pool entries (42 oversized instances skipped).
Warming up per-K baseline for K values: [100, 500, 1000, 3000, 5000]
  K=100: baseline=9770.8 +/- 2907.2 (from 8 rollouts)
  K=500: baseline=7831.8 +/- 1792.6 (from 8 rollouts)
  K=1000: baseline=11567.1 +/- 3342.7 (from 8 rollouts)
  K=3000: baseline=11375.1 +/- 4664.6 (from 8 rollouts)
  K=5000: baseline=15222.9 +/- 5419.6 (from 8 rollouts)
    Checkpoint saved (best val_rl_cost = 12227.4)

────────────────────────────────────────────────────────────────────────
  Update   10  [█                             ] 10/200  patience 0/24
────────────────────────────────────────────────────────────────────────
  REWARD
    mean_cost      :   16870.50
    mean_advantage :    -0.4889
  LOSS
    policy_loss    :    0.60587
    entropy_loss   :  -14.37435
    capacity_loss  :    0.00000
    hinge_loss     :    0.08948
    spread_loss    :    0.08933
    total_loss     :  -11.19880
  VALIDATION
    val_rl_cost    :   12227.40
  PACKING
    priority_dropped :     0.00
    economy_dropped  :    95.50
────────────────────────────────────────────────────────────────────────

────────────────────────────────────────────────────────────────────────
  Update   20  [███                           ] 20/200  patience 1/24
────────────────────────────────────────────────────────────────────────
  REWARD
    mean_cost      :   30424.62
    mean_advantage :    -0.8745
  LOSS
    policy_loss    :    0.69979
    entropy_loss   :  -19.84262
    capacity_loss  :    0.00000
    hinge_loss     :    0.10821
    spread_loss    :    0.19790
    total_loss     :  -16.43675
  VALIDATION
    val_rl_cost    :   12792.70
  PACKING
    priority_dropped :     0.00
    economy_dropped  :   118.50
────────────────────────────────────────────────────────────────────────

────────────────────────────────────────────────────────────────────────
  Update   30  [████                          ] 30/200  patience 2/24
────────────────────────────────────────────────────────────────────────
  REWARD
    mean_cost      :   15179.75
    mean_advantage :    +0.4849
  LOSS
    policy_loss    :   -0.28486
    entropy_loss   :  -13.64272
    capacity_loss  :    0.00000
    hinge_loss     :    0.10784
    spread_loss    :    0.08417
    total_loss     :  -11.33555
  VALIDATION
    val_rl_cost    :   12355.23
  PACKING
    priority_dropped :     0.00
    economy_dropped  :    86.38
────────────────────────────────────────────────────────────────────────

────────────────────────────────────────────────────────────────────────
  Update   40  [██████                        ] 40/200  patience 3/24
────────────────────────────────────────────────────────────────────────
  REWARD
    mean_cost      :   20704.00
    mean_advantage :    -0.5455
  LOSS
    policy_loss    :    0.52059
    entropy_loss   :  -16.33881
    capacity_loss  :    0.00000
    hinge_loss     :    0.10228
    spread_loss    :    0.12483
    total_loss     :  -13.19111
  VALIDATION
    val_rl_cost    :   12545.05
  PACKING
    priority_dropped :     0.00
    economy_dropped  :   111.00
────────────────────────────────────────────────────────────────────────

────────────────────────────────────────────────────────────────────────
  Update   50  [███████                       ] 50/200  patience 4/24
────────────────────────────────────────────────────────────────────────
  REWARD
    mean_cost      :   13705.50
    mean_advantage :    +0.3116
  LOSS
    policy_loss    :   -0.27532
    entropy_loss   :  -11.16579
    capacity_loss  :    0.00000
    hinge_loss     :    0.09751
    spread_loss    :    0.07677
    total_loss     :   -8.86682
  VALIDATION
    val_rl_cost    :   12847.17
  PACKING
    priority_dropped :     0.00
    economy_dropped  :    78.75
────────────────────────────────────────────────────────────────────────
    Checkpoint saved (best val_rl_cost = 12138.4)

────────────────────────────────────────────────────────────────────────
  Update   60  [█████████                     ] 60/200  patience 0/24
────────────────────────────────────────────────────────────────────────
  REWARD
    mean_cost      :   17561.00
    mean_advantage :    -0.2110
  LOSS
    policy_loss    :    0.18310
    entropy_loss   :  -15.37534
    capacity_loss  :    0.00000
    hinge_loss     :    0.10185
    spread_loss    :    0.11426
    total_loss     :  -12.57613
  VALIDATION
    val_rl_cost    :   12138.40
  PACKING
    priority_dropped :     0.00
    economy_dropped  :    95.88
────────────────────────────────────────────────────────────────────────

────────────────────────────────────────────────────────────────────────
  Update   70  [██████████                    ] 70/200  patience 1/24
────────────────────────────────────────────────────────────────────────
  REWARD
    mean_cost      :   19355.12
    mean_advantage :    -0.3017
  LOSS
    policy_loss    :    0.35050
    entropy_loss   :  -14.91929
    capacity_loss  :    0.00000
    hinge_loss     :    0.10691
    spread_loss    :    0.11917
    total_loss     :  -11.94269
  VALIDATION
    val_rl_cost    :   12276.45
  PACKING
    priority_dropped :     0.00
    economy_dropped  :   100.50
────────────────────────────────────────────────────────────────────────

────────────────────────────────────────────────────────────────────────
  Update   80  [████████████                  ] 80/200  patience 2/24
────────────────────────────────────────────────────────────────────────
  REWARD
    mean_cost      :   22042.25
    mean_advantage :    -0.7642
  LOSS
    policy_loss    :    0.73675
    entropy_loss   :  -19.68645
    capacity_loss  :    0.00000
    hinge_loss     :    0.10277
    spread_loss    :    0.12389
    total_loss     :  -16.32304
  VALIDATION
    val_rl_cost    :   12936.52
  PACKING
    priority_dropped :     0.00
    economy_dropped  :   118.50
────────────────────────────────────────────────────────────────────────

────────────────────────────────────────────────────────────────────────
  Update   90  [█████████████                 ] 90/200  patience 3/24
────────────────────────────────────────────────────────────────────────
  REWARD
    mean_cost      :   16678.88
    mean_advantage :    -0.1964
  LOSS
    policy_loss    :    0.14660
    entropy_loss   :  -14.40683
    capacity_loss  :    0.00000
    hinge_loss     :    0.10019
    spread_loss    :    0.08528
    total_loss     :  -11.67475
  VALIDATION
    val_rl_cost    :   12585.60
  PACKING
    priority_dropped :     0.00
    economy_dropped  :    93.12
────────────────────────────────────────────────────────────────────────

────────────────────────────────────────────────────────────────────────
  Update  100  [███████████████               ] 100/200  patience 4/24
────────────────────────────────────────────────────────────────────────
  REWARD
    mean_cost      :   17781.88
    mean_advantage :    +0.2733
  LOSS
    policy_loss    :   -0.24037
    entropy_loss   :  -13.46824
    capacity_loss  :    0.00000
    hinge_loss     :    0.10637
    spread_loss    :    0.09885
    total_loss     :  -11.10339
  VALIDATION
    val_rl_cost    :   12361.92
  PACKING
    priority_dropped :     0.00
    economy_dropped  :    91.88
────────────────────────────────────────────────────────────────────────
    Checkpoint saved (best val_rl_cost = 11169.0)

────────────────────────────────────────────────────────────────────────
  Update  110  [████████████████              ] 110/200  patience 0/24
────────────────────────────────────────────────────────────────────────
  REWARD
    mean_cost      :   21898.12
    mean_advantage :    -0.1889
  LOSS
    policy_loss    :    0.22847
    entropy_loss   :  -14.12915
    capacity_loss  :    0.00000
    hinge_loss     :    0.10621
    spread_loss    :    0.13056
    total_loss     :  -11.26391
  VALIDATION
    val_rl_cost    :   11169.00
  PACKING
    priority_dropped :     0.00
    economy_dropped  :    96.38
────────────────────────────────────────────────────────────────────────

────────────────────────────────────────────────────────────────────────
  Update  120  [██████████████████            ] 120/200  patience 1/24
────────────────────────────────────────────────────────────────────────
  REWARD
    mean_cost      :   16059.62
    mean_advantage :    +0.4130
  LOSS
    policy_loss    :   -0.40535
    entropy_loss   :  -12.02910
    capacity_loss  :    0.00000
    hinge_loss     :    0.10613
    spread_loss    :    0.08996
    total_loss     :   -9.83837
  VALIDATION
    val_rl_cost    :   12634.23
  PACKING
    priority_dropped :     0.00
    economy_dropped  :    83.75
────────────────────────────────────────────────────────────────────────

────────────────────────────────────────────────────────────────────────
  Update  130  [███████████████████           ] 130/200  patience 2/24
────────────────────────────────────────────────────────────────────────
  REWARD
    mean_cost      :   23465.75
    mean_advantage :    -0.2882
  LOSS
    policy_loss    :    0.34764
    entropy_loss   :  -16.38895
    capacity_loss  :    0.00000
    hinge_loss     :    0.10603
    spread_loss    :    0.13283
    total_loss     :  -13.40245
  VALIDATION
    val_rl_cost    :   11401.38
  PACKING
    priority_dropped :     0.00
    economy_dropped  :    96.75
────────────────────────────────────────────────────────────────────────

────────────────────────────────────────────────────────────────────────
  Update  140  [█████████████████████         ] 140/200  patience 3/24
────────────────────────────────────────────────────────────────────────
  REWARD
    mean_cost      :   15864.88
    mean_advantage :    +0.0193
  LOSS
    policy_loss    :   -0.00572
    entropy_loss   :  -12.21036
    capacity_loss  :    0.00000
    hinge_loss     :    0.10612
    spread_loss    :    0.09636
    total_loss     :   -9.61360
  VALIDATION
    val_rl_cost    :   11626.20
  PACKING
    priority_dropped :     0.00
    economy_dropped  :    85.00
────────────────────────────────────────────────────────────────────────

────────────────────────────────────────────────────────────────────────
  Update  150  [██████████████████████        ] 150/200  patience 4/24
────────────────────────────────────────────────────────────────────────
  REWARD
    mean_cost      :   21095.38
    mean_advantage :    -0.5839
  LOSS
    policy_loss    :    0.57874
    entropy_loss   :  -16.22645
    capacity_loss  :    0.00000
    hinge_loss     :    0.10532
    spread_loss    :    0.14150
    total_loss     :  -13.00089
  VALIDATION
    val_rl_cost    :   11803.15
  PACKING
    priority_dropped :     0.00
    economy_dropped  :   102.50
────────────────────────────────────────────────────────────────────────

────────────────────────────────────────────────────────────────────────
  Update  160  [████████████████████████      ] 160/200  patience 5/24
────────────────────────────────────────────────────────────────────────
  REWARD
    mean_cost      :   14703.12
    mean_advantage :    +0.1325
  LOSS
    policy_loss    :   -0.07995
    entropy_loss   :  -14.77508
    capacity_loss  :    0.00000
    hinge_loss     :    0.10539
    spread_loss    :    0.07957
    total_loss     :  -12.27007
  VALIDATION
    val_rl_cost    :   12815.05
  PACKING
    priority_dropped :     0.00
    economy_dropped  :    92.75
────────────────────────────────────────────────────────────────────────

────────────────────────────────────────────────────────────────────────
  Update  170  [█████████████████████████     ] 170/200  patience 6/24
────────────────────────────────────────────────────────────────────────
  REWARD
    mean_cost      :   17415.88
    mean_advantage :    -0.4431
  LOSS
    policy_loss    :    0.40814
    entropy_loss   :  -15.22197
    capacity_loss  :    0.00000
    hinge_loss     :    0.10543
    spread_loss    :    0.08109
    total_loss     :  -12.22730
  VALIDATION
    val_rl_cost    :   11795.50
  PACKING
    priority_dropped :     0.00
    economy_dropped  :   106.62
────────────────────────────────────────────────────────────────────────

────────────────────────────────────────────────────────────────────────
  Update  180  [███████████████████████████   ] 180/200  patience 7/24
────────────────────────────────────────────────────────────────────────
  REWARD
    mean_cost      :   15182.12
    mean_advantage :    -0.0056
  LOSS
    policy_loss    :    0.01558
    entropy_loss   :  -13.40900
    capacity_loss  :    0.00000
    hinge_loss     :    0.10566
    spread_loss    :    0.06736
    total_loss     :  -10.82040
  VALIDATION
    val_rl_cost    :   11170.62
  PACKING
    priority_dropped :     0.00
    economy_dropped  :    94.88
────────────────────────────────────────────────────────────────────────

────────────────────────────────────────────────────────────────────────
  Update  190  [████████████████████████████  ] 190/200  patience 8/24
────────────────────────────────────────────────────────────────────────
  REWARD
    mean_cost      :   14054.75
    mean_advantage :    +0.2287
  LOSS
    policy_loss    :   -0.24060
    entropy_loss   :  -11.77674
    capacity_loss  :    0.00000
    hinge_loss     :    0.10513
    spread_loss    :    0.09302
    total_loss     :   -9.41920
  VALIDATION
    val_rl_cost    :   13241.00
  PACKING
    priority_dropped :     0.00
    economy_dropped  :    81.12
────────────────────────────────────────────────────────────────────────

────────────────────────────────────────────────────────────────────────
  Update  200  [██████████████████████████████] 200/200  patience 9/24
────────────────────────────────────────────────────────────────────────
  REWARD
    mean_cost      :   20548.75
    mean_advantage :    -0.4732
  LOSS
    policy_loss    :    0.46080
    entropy_loss   :  -17.95734
    capacity_loss  :    0.00000
    hinge_loss     :    0.10450
    spread_loss    :    0.12274
    total_loss     :  -14.86931
  VALIDATION
    val_rl_cost    :   12039.98
  PACKING
    priority_dropped :     0.00
    economy_dropped  :   108.88
────────────────────────────────────────────────────────────────────────

PPO training complete. Best val cost: 11169.0

Training complete.
Best checkpoint saved to: /Users/ramupadhyay/Desktop/ga_cargo_packing/checkpoints/rl_ppo_contrastive/transformer_rl_ppo_contrastive.pt
Training log saved to   : /Users/ramupadhyay/Desktop/ga_cargo_packing/checkpoints/rl_ppo_contrastive/rl_ppo_contrastive_training_log.csv
